// Jest Snapshot v1, https://goo.gl/fbAQLP

exports[`pack-unpack test for 29.msg should convert a message resource file to translations 1`] = `
Array [
  Object {
    "condition": 0,
    "noun": 1,
    "refCond": 110,
    "refNoun": 104,
    "refVerb": 105,
    "sequence": 1,
    "talker": 99,
    "text": "מבעד לדלת הפתוחה, אתה מבחין כי מגדל ארסמוס מבפנים נראה אפילו יותר מוזר מבחוץ.",
    "verb": 1,
  },
  Object {
    "condition": 0,
    "noun": 1,
    "refCond": 32,
    "refNoun": 97,
    "refVerb": 110,
    "sequence": 1,
    "talker": 99,
    "text": "הדלת שומרת על דממת מוות.",
    "verb": 57,
  },
  Object {
    "condition": 1,
    "noun": 2,
    "refCond": 116,
    "refNoun": 104,
    "refVerb": 97,
    "sequence": 1,
    "talker": 23,
    "text": "\\"שוב חזרת, אני רואה.
יצור עיקש, הלא כן?
טוב, בוא נסיים עם זה.\\"",
    "verb": 0,
  },
  Object {
    "condition": 1,
    "noun": 2,
    "refCond": 96,
    "refNoun": 46,
    "refVerb": 32,
    "sequence": 2,
    "talker": 23,
    "text": "\\"שוב אתה?
איך גרגויל יכול לנוח בכלל כשאתה ממשיך להפריע לי?
שום התחשבות. המפף.\\"",
    "verb": 0,
  },
  Object {
    "condition": 2,
    "noun": 2,
    "refCond": 79,
    "refNoun": 78,
    "refVerb": 68,
    "sequence": 1,
    "talker": 23,
    "text": "\\"עלה מייד אל המגדל. מספיק להשתעשע!!!\\"",
    "verb": 0,
  },
  Object {
    "condition": 3,
    "noun": 2,
    "refCond": 75,
    "refNoun": 79,
    "refVerb": 79,
    "sequence": 1,
    "talker": 23,
    "text": "\\"אל תפריע לקוסם במנוחתו!\\"",
    "verb": 0,
  },
  Object {
    "condition": 4,
    "noun": 2,
    "refCond": 78,
    "refNoun": 64,
    "refVerb": 64,
    "sequence": 1,
    "talker": 23,
    "text": "\\"או! שוב אתה!\\"",
    "verb": 0,
  },
  Object {
    "condition": 5,
    "noun": 2,
    "refCond": 96,
    "refNoun": 10,
    "refVerb": 96,
    "sequence": 1,
    "talker": 23,
    "text": "\\"ואתה רוצה להיות גיבור?!\\"",
    "verb": 0,
  },
  Object {
    "condition": 6,
    "noun": 2,
    "refCond": 105,
    "refNoun": 116,
    "refVerb": 115,
    "sequence": 1,
    "talker": 23,
    "text": "\\"הקוסם ממתין לך במגדלו. עלה ישר במדרגות.\\"",
    "verb": 0,
  },
  Object {
    "condition": 7,
    "noun": 2,
    "refCond": 97,
    "refNoun": 32,
    "refVerb": 99,
    "sequence": 2,
    "talker": 23,
    "text": "\\"קרא לי בלתי-אמין.\\"",
    "verb": 0,
  },
  Object {
    "condition": 7,
    "noun": 2,
    "refCond": 116,
    "refNoun": 104,
    "refVerb": 97,
    "sequence": 3,
    "talker": 23,
    "text": "\\"מכרת את המכונית שלי.
התכונן לתעופה.\\"",
    "verb": 0,
  },
  Object {
    "condition": 7,
    "noun": 2,
    "refCond": 114,
    "refNoun": 116,
    "refVerb": 101,
    "sequence": 4,
    "talker": 23,
    "text": "\\"נעים לפגוש אותך, כה.
עכשיו, לך מפה!\\"",
    "verb": 0,
  },
  Object {
    "condition": 7,
    "noun": 2,
    "refCond": 101,
    "refNoun": 116,
    "refVerb": 104,
    "sequence": 5,
    "talker": 23,
    "text": "\\"בטח, ואני הנסיכה רובלה.\\"",
    "verb": 0,
  },
  Object {
    "condition": 7,
    "noun": 2,
    "refCond": 32,
    "refNoun": 105,
    "refVerb": 115,
    "sequence": 6,
    "talker": 23,
    "text": "\\"אתה אדם טוב ממני, שזה לא קשה בהתחשב בכך שאני גרגויל.\\"",
    "verb": 0,
  },
  Object {
    "condition": 7,
    "noun": 2,
    "refCond": 10,
    "refNoun": 108,
    "refVerb": 121,
    "sequence": 7,
    "talker": 23,
    "text": "\\"ירדת קצת במשקל, אלוויס?\\"",
    "verb": 0,
  },
  Object {
    "condition": 7,
    "noun": 2,
    "refCond": 46,
    "refNoun": 101,
    "refVerb": 100,
    "sequence": 8,
    "talker": 23,
    "text": "\\"מי אתה חושב שאני -- דורותי?\\"",
    "verb": 0,
  },
  Object {
    "condition": 7,
    "noun": 2,
    "refCond": 111,
    "refNoun": 32,
    "refVerb": 121,
    "sequence": 9,
    "talker": 23,
    "text": "\\"אז לא אשאל אותך.\\"",
    "verb": 0,
  },
  Object {
    "condition": 8,
    "noun": 2,
    "refCond": 104,
    "refNoun": 32,
    "refVerb": 116,
    "sequence": 1,
    "talker": 23,
    "text": "\\"מה הוא שמך?\\"",
    "verb": 0,
  },
  Object {
    "condition": 8,
    "noun": 2,
    "refCond": 96,
    "refNoun": 46,
    "refVerb": 32,
    "sequence": 2,
    "talker": 99,
    "text": "קרא לי ישמעאל.",
    "verb": 0,
  },
  Object {
    "condition": 8,
    "noun": 2,
    "refCond": 95,
    "refNoun": 79,
    "refVerb": 77,
    "sequence": 3,
    "talker": 99,
    "text": "אני הוא איניגו מונטלבן.",
    "verb": 0,
  },
  Object {
    "condition": 8,
    "noun": 2,
    "refCond": 86,
    "refNoun": 75,
    "refVerb": 95,
    "sequence": 4,
    "talker": 99,
    "text": "אני כה מבולבל.",
    "verb": 0,
  },
  Object {
    "condition": 8,
    "noun": 2,
    "refCond": 82,
    "refNoun": 78,
    "refVerb": 65,
    "sequence": 5,
    "talker": 99,
    "text": "אני המלך גרהם קרקר.",
    "verb": 0,
  },
  Object {
    "condition": 8,
    "noun": 2,
    "refCond": 111,
    "refNoun": 96,
    "refVerb": 89,
    "sequence": 6,
    "talker": 99,
    "text": "גונגה דין.",
    "verb": 0,
  },
  Object {
    "condition": 8,
    "noun": 2,
    "refCond": 32,
    "refNoun": 104,
    "refVerb": 101,
    "sequence": 7,
    "talker": 99,
    "text": "רוח הרפאים של אלוויס.",
    "verb": 0,
  },
  Object {
    "condition": 8,
    "noun": 2,
    "refCond": 109,
    "refNoun": 104,
    "refVerb": 111,
    "sequence": 8,
    "talker": 99,
    "text": "אני הוא עוץ, הגדול והנורא.",
    "verb": 0,
  },
  Object {
    "condition": 8,
    "noun": 2,
    "refCond": 111,
    "refNoun": 109,
    "refVerb": 101,
    "sequence": 9,
    "talker": 99,
    "text": "אני הוא אני וזהו שמי, אם תשאל אותי שוב - אחזור על עצמי.",
    "verb": 0,
  },
  Object {
    "condition": 8,
    "noun": 2,
    "refCond": 115,
    "refNoun": 109,
    "refVerb": 117,
    "sequence": 10,
    "talker": 99,
    "text": "גיבור אלמוני",
    "verb": 0,
  },
  Object {
    "condition": 9,
    "noun": 2,
    "refCond": 116,
    "refNoun": 32,
    "refVerb": 105,
    "sequence": 1,
    "talker": 23,
    "text": "\\"עמוד דום!\\"",
    "verb": 0,
  },
  Object {
    "condition": 10,
    "noun": 2,
    "refCond": 111,
    "refNoun": 114,
    "refVerb": 105,
    "sequence": 4,
    "talker": 23,
    "text": "\\"אתה ממש, ממש לא במשחק הנכון.\\"",
    "verb": 0,
  },
  Object {
    "condition": 10,
    "noun": 2,
    "refCond": 117,
    "refNoun": 104,
    "refVerb": 32,
    "sequence": 5,
    "talker": 23,
    "text": "\\"מצטער, מה-שמו ג'ונס כבר מצא אותו.\\"",
    "verb": 0,
  },
  Object {
    "condition": 10,
    "noun": 2,
    "refCond": 101,
    "refNoun": 32,
    "refVerb": 112,
    "sequence": 6,
    "talker": 23,
    "text": "\\"בחיי, כמה שהגעת למקום הלא-נכון.\\"",
    "verb": 0,
  },
  Object {
    "condition": 10,
    "noun": 2,
    "refCond": 82,
    "refNoun": 37,
    "refVerb": 37,
    "sequence": 7,
    "talker": 23,
    "text": "\\"אז, היזהר משלג צהוב.\\"",
    "verb": 0,
  },
  Object {
    "condition": 10,
    "noun": 2,
    "refCond": 80,
    "refNoun": 62,
    "refVerb": 79,
    "sequence": 8,
    "talker": 23,
    "text": "\\"...למות את המוות הבלתי נמנע?\\"",
    "verb": 0,
  },
  Object {
    "condition": 10,
    "noun": 2,
    "refCond": 64,
    "refNoun": 49,
    "refVerb": 32,
    "sequence": 9,
    "talker": 23,
    "text": "\\"אתה לא מתכוון, ליפול?\\"",
    "verb": 0,
  },
  Object {
    "condition": 11,
    "noun": 2,
    "refCond": 10,
    "refNoun": 79,
    "refVerb": 82,
    "sequence": 1,
    "talker": 23,
    "text": "\\"מי שרוצה את הקוסם לפגוש, חייב קודם לענות על שאלות שלוש:\\"",
    "verb": 0,
  },
  Object {
    "condition": 11,
    "noun": 2,
    "refCond": 114,
    "refNoun": 111,
    "refVerb": 111,
    "sequence": 2,
    "talker": 23,
    "text": "\\"מה היא משימתך?\\"",
    "verb": 0,
  },
  Object {
    "condition": 12,
    "noun": 2,
    "refCond": 100,
    "refNoun": 101,
    "refVerb": 97,
    "sequence": 1,
    "talker": 99,
    "text": "אני רוצה תהילה.",
    "verb": 0,
  },
  Object {
    "condition": 12,
    "noun": 2,
    "refCond": 10,
    "refNoun": 96,
    "refVerb": 96,
    "sequence": 2,
    "talker": 99,
    "text": "אני רוצה להיות גיבור.",
    "verb": 0,
  },
  Object {
    "condition": 12,
    "noun": 2,
    "refCond": 62,
    "refNoun": 78,
    "refVerb": 32,
    "sequence": 3,
    "talker": 99,
    "text": "אני רוצה להיות קוסם.",
    "verb": 0,
  },
  Object {
    "condition": 12,
    "noun": 2,
    "refCond": 43,
    "refNoun": 32,
    "refVerb": 43,
    "sequence": 4,
    "talker": 99,
    "text": "אני רוצה להיות שודד ים.",
    "verb": 0,
  },
  Object {
    "condition": 12,
    "noun": 2,
    "refCond": 84,
    "refNoun": 82,
    "refVerb": 65,
    "sequence": 5,
    "talker": 99,
    "text": "אני תר אחרי הגביע הקדוש.",
    "verb": 0,
  },
  Object {
    "condition": 12,
    "noun": 2,
    "refCond": 115,
    "refNoun": 32,
    "refVerb": 105,
    "sequence": 6,
    "talker": 99,
    "text": "אני רוצה להיות עשיר ויפה.",
    "verb": 0,
  },
  Object {
    "condition": 12,
    "noun": 2,
    "refCond": 115,
    "refNoun": 101,
    "refVerb": 115,
    "sequence": 7,
    "talker": 99,
    "text": "אני רוצה ללכת באומץ לאן שאף אחד עוד לא הלך מעולם.",
    "verb": 0,
  },
  Object {
    "condition": 12,
    "noun": 2,
    "refCond": 115,
    "refNoun": 101,
    "refVerb": 109,
    "sequence": 8,
    "talker": 99,
    "text": "לחלום, חלומות אבודים; ללחום, קרב אבוד שנגמר...",
    "verb": 0,
  },
  Object {
    "condition": 12,
    "noun": 2,
    "refCond": 32,
    "refNoun": 111,
    "refVerb": 117,
    "sequence": 9,
    "talker": 99,
    "text": "סתם הייתי בסביבה וחשבתי לקפוץ.",
    "verb": 0,
  },
  Object {
    "condition": 13,
    "noun": 2,
    "refCond": 32,
    "refNoun": 118,
    "refVerb": 101,
    "sequence": 1,
    "talker": 23,
    "text": "\\"הנה באות השאלות שלך:\\"",
    "verb": 0,
  },
  Object {
    "condition": 14,
    "noun": 2,
    "refCond": 115,
    "refNoun": 117,
    "refVerb": 100,
    "sequence": 1,
    "talker": 23,
    "text": "\\"מה הוא הצבע האהוב עליך?\\"",
    "verb": 0,
  },
  Object {
    "condition": 14,
    "noun": 2,
    "refCond": 78,
    "refNoun": 87,
    "refVerb": 73,
    "sequence": 2,
    "talker": 99,
    "text": "סגול",
    "verb": 0,
  },
  Object {
    "condition": 14,
    "noun": 2,
    "refCond": 79,
    "refNoun": 62,
    "refVerb": 68,
    "sequence": 3,
    "talker": 99,
    "text": "שוקולד",
    "verb": 0,
  },
  Object {
    "condition": 14,
    "noun": 2,
    "refCond": 127,
    "refNoun": 127,
    "refVerb": 32,
    "sequence": 4,
    "talker": 99,
    "text": "כחול מכבי",
    "verb": 0,
  },
  Object {
    "condition": 14,
    "noun": 2,
    "refCond": 0,
    "refNoun": 127,
    "refVerb": 127,
    "sequence": 5,
    "talker": 99,
    "text": "אדום או שחור",
    "verb": 0,
  },
  Object {
    "condition": 14,
    "noun": 2,
    "refCond": 166,
    "refNoun": 166,
    "refVerb": 166,
    "sequence": 6,
    "talker": 99,
    "text": "צהוב",
    "verb": 0,
  },
  Object {
    "condition": 14,
    "noun": 2,
    "refCond": 102,
    "refNoun": 166,
    "refVerb": 0,
    "sequence": 7,
    "talker": 23,
    "text": "\\"היי! העיניים שלו אכן עובדות! היכנס.\\"",
    "verb": 0,
  },
  Object {
    "condition": 14,
    "noun": 2,
    "refCond": 96,
    "refNoun": 100,
    "refVerb": 46,
    "sequence": 8,
    "talker": 23,
    "text": "\\"אתה אולי עיוור צבעים, אבל יש לך טעם טוב. היכנס.\\"",
    "verb": 0,
  },
  Object {
    "condition": 14,
    "noun": 2,
    "refCond": 97,
    "refNoun": 32,
    "refVerb": 99,
    "sequence": 9,
    "talker": 23,
    "text": "\\"לבי מדמם עבורך.\\"",
    "verb": 0,
  },
  Object {
    "condition": 14,
    "noun": 2,
    "refCond": 116,
    "refNoun": 104,
    "refVerb": 97,
    "sequence": 10,
    "talker": 23,
    "text": "\\"אשים את הקלפים על השולחן; אתה קלף משוגע. אבל ארסמוס לא מחבב אורחים שלא משחקים עם חפיסה שלמה.\\"",
    "verb": 0,
  },
  Object {
    "condition": 14,
    "noun": 2,
    "refCond": 114,
    "refNoun": 116,
    "refVerb": 101,
    "sequence": 11,
    "talker": 23,
    "text": "\\"צר לי צ'ארלי, ארסמוס רוצה אנשים עם טעם טוב.\\"",
    "verb": 0,
  },
  Object {
    "condition": 15,
    "noun": 2,
    "refCond": 101,
    "refNoun": 116,
    "refVerb": 104,
    "sequence": 1,
    "talker": 23,
    "text": "\\"את מי אתה מחפש כאן?\\"",
    "verb": 0,
  },
  Object {
    "condition": 15,
    "noun": 2,
    "refCond": 32,
    "refNoun": 105,
    "refVerb": 115,
    "sequence": 2,
    "talker": 99,
    "text": "ארסמוס",
    "verb": 0,
  },
  Object {
    "condition": 15,
    "noun": 2,
    "refCond": 0,
    "refNoun": 108,
    "refVerb": 121,
    "sequence": 3,
    "talker": 99,
    "text": "פנרוס",
    "verb": 0,
  },
  Object {
    "condition": 15,
    "noun": 2,
    "refCond": 127,
    "refNoun": 0,
    "refVerb": 32,
    "sequence": 4,
    "talker": 99,
    "text": "הקוסם מארץ עוץ",
    "verb": 0,
  },
  Object {
    "condition": 15,
    "noun": 2,
    "refCond": 127,
    "refNoun": 127,
    "refVerb": 32,
    "sequence": 5,
    "talker": 99,
    "text": "ד\\"ר ליוינגסטון, סבורני.",
    "verb": 0,
  },
  Object {
    "condition": 15,
    "noun": 2,
    "refCond": 127,
    "refNoun": 127,
    "refVerb": 32,
    "sequence": 6,
    "talker": 99,
    "text": "אמיליה ארהארט",
    "verb": 0,
  },
  Object {
    "condition": 15,
    "noun": 2,
    "refCond": 127,
    "refNoun": 127,
    "refVerb": 32,
    "sequence": 7,
    "talker": 23,
    "text": "\\"אני ממש מקווה שלא התבלבלת עם הפיצה שלו הפעם!\\"",
    "verb": 0,
  },
  Object {
    "condition": 15,
    "noun": 2,
    "refCond": 127,
    "refNoun": 127,
    "refVerb": 32,
    "sequence": 8,
    "talker": 23,
    "text": "\\"עכ-ברוש שלך זה בטח נשמע יותר טוב.\\"",
    "verb": 0,
  },
  Object {
    "condition": 15,
    "noun": 2,
    "refCond": 127,
    "refNoun": 127,
    "refVerb": 32,
    "sequence": 9,
    "talker": 23,
    "text": "\\"משום מה, אני חושב שאתה כבר לא בקנזס.\\"",
    "verb": 0,
  },
  Object {
    "condition": 15,
    "noun": 2,
    "refCond": 127,
    "refNoun": 127,
    "refVerb": 32,
    "sequence": 10,
    "talker": 23,
    "text": "\\"זו סברה מגוחכת מצדך.\\"",
    "verb": 0,
  },
  Object {
    "condition": 15,
    "noun": 2,
    "refCond": 127,
    "refNoun": 127,
    "refVerb": 32,
    "sequence": 11,
    "talker": 23,
    "text": "\\"היא תהיה כאן בעוד כמה מאות שנים. תוכל לחזור אז.\\"",
    "verb": 0,
  },
  Object {
    "condition": 16,
    "noun": 2,
    "refCond": 112,
    "refNoun": 127,
    "refVerb": 32,
    "sequence": 1,
    "talker": 23,
    "text": "\\"מה היא סיסמתם של הגנבים?\\"",
    "verb": 0,
  },
  Object {
    "condition": 16,
    "noun": 2,
    "refCond": 112,
    "refNoun": 112,
    "refVerb": 115,
    "sequence": 2,
    "talker": 23,
    "text": "אני לא יודע",
    "verb": 0,
  },
  Object {
    "condition": 16,
    "noun": 2,
    "refCond": 112,
    "refNoun": 112,
    "refVerb": 112,
    "sequence": 3,
    "talker": 23,
    "text": "דג חרב",
    "verb": 0,
  },
  Object {
    "condition": 16,
    "noun": 2,
    "refCond": 112,
    "refNoun": 112,
    "refVerb": 32,
    "sequence": 4,
    "talker": 23,
    "text": "שוורטפיש",
    "verb": 0,
  },
  Object {
    "condition": 16,
    "noun": 2,
    "refCond": 127,
    "refNoun": 127,
    "refVerb": 32,
    "sequence": 5,
    "talker": 23,
    "text": "ברל'ה ברל'ה צא החוצה",
    "verb": 0,
  },
  Object {
    "condition": 16,
    "noun": 2,
    "refCond": 127,
    "refNoun": 127,
    "refVerb": 32,
    "sequence": 6,
    "talker": 23,
    "text": "פוטית",
    "verb": 0,
  },
  Object {
    "condition": 16,
    "noun": 2,
    "refCond": 127,
    "refNoun": 127,
    "refVerb": 32,
    "sequence": 7,
    "talker": 23,
    "text": "\\"לפחות, אם אתה גנב, אתה מתבייש להודות בזה. בוא תיכנס.\\"",
    "verb": 0,
  },
  Object {
    "condition": 16,
    "noun": 2,
    "refCond": 127,
    "refNoun": 127,
    "refVerb": 32,
    "sequence": 8,
    "talker": 23,
    "text": "\\"ו'X' מסמן את הנקודה.\\"",
    "verb": 0,
  },
  Object {
    "condition": 16,
    "noun": 2,
    "refCond": 127,
    "refNoun": 127,
    "refVerb": 186,
    "sequence": 9,
    "talker": 23,
    "text": "\\"זה נכון! אבל לא לזה התכוונתי!!!\\"",
    "verb": 0,
  },
  Object {
    "condition": 16,
    "noun": 2,
    "refCond": 48,
    "refNoun": 48,
    "refVerb": 40,
    "sequence": 10,
    "talker": 23,
    "text": "\\"טוב. אני אחביא אותך, ואתה תתחיל לחפש אותי!\\"",
    "verb": 0,
  },
  Object {
    "condition": 16,
    "noun": 2,
    "refCond": 48,
    "refNoun": 48,
    "refVerb": 117,
    "sequence": 11,
    "talker": 23,
    "text": "\\"איזו תשובה פיט-פוטית! חשבת על בדיחידג מוצלחת, מה? אני מקוויאר שלא מדגדג לך להתחכם יותר. יצאת טונה, וגם הריח שלך לא משהו בכלל!\\" ",
    "verb": 0,
  },
  Object {
    "condition": 17,
    "noun": 2,
    "refCond": 48,
    "refNoun": 48,
    "refVerb": 116,
    "sequence": 1,
    "talker": 23,
    "text": "\\"מהו שמו הפרטי של האיש ששולט על העמק?\\"",
    "verb": 0,
  },
  Object {
    "condition": 17,
    "noun": 2,
    "refCond": 48,
    "refNoun": 48,
    "refVerb": 101,
    "sequence": 2,
    "talker": 99,
    "text": "סטפן",
    "verb": 0,
  },
  Object {
    "condition": 17,
    "noun": 2,
    "refCond": 127,
    "refNoun": 127,
    "refVerb": 32,
    "sequence": 3,
    "talker": 99,
    "text": "ברון",
    "verb": 0,
  },
  Object {
    "condition": 17,
    "noun": 2,
    "refCond": 127,
    "refNoun": 127,
    "refVerb": 32,
    "sequence": 4,
    "talker": 99,
    "text": "שטפן",
    "verb": 0,
  },
  Object {
    "condition": 17,
    "noun": 2,
    "refCond": 127,
    "refNoun": 127,
    "refVerb": 32,
    "sequence": 5,
    "talker": 99,
    "text": "ארסמוס",
    "verb": 0,
  },
  Object {
    "condition": 17,
    "noun": 2,
    "refCond": 127,
    "refNoun": 127,
    "refVerb": 32,
    "sequence": 6,
    "talker": 99,
    "text": "אני לא יודע",
    "verb": 0,
  },
  Object {
    "condition": 17,
    "noun": 2,
    "refCond": 127,
    "refNoun": 127,
    "refVerb": 32,
    "sequence": 7,
    "talker": 23,
    "text": "\\"ובכן, ארסמוס תמיד מעריך את מי שמכיר את שמות הקסמים שלו.\\"",
    "verb": 0,
  },
  Object {
    "condition": 17,
    "noun": 2,
    "refCond": 48,
    "refNoun": 48,
    "refVerb": 41,
    "sequence": 8,
    "talker": 23,
    "text": "\\"Right. And Smokey's middle name is 'the'.\\" ",
    "verb": 0,
  },
  Object {
    "condition": 17,
    "noun": 2,
    "refCond": 48,
    "refNoun": 62,
    "refVerb": 101,
    "sequence": 9,
    "talker": 23,
    "text": "\\"לא לא לא, אתה מבלבל בינו לבין המלך.\\"",
    "verb": 0,
  },
  Object {
    "condition": 17,
    "noun": 2,
    "refCond": 48,
    "refNoun": 48,
    "refVerb": 58,
    "sequence": 10,
    "talker": 23,
    "text": "חה! לבוס יש דברים חשובים יותר לעשות מאשר לשלוט על החור שכוח האל הזה.\\"",
    "verb": 0,
  },
  Object {
    "condition": 17,
    "noun": 2,
    "refCond": 127,
    "refNoun": 48,
    "refVerb": 32,
    "sequence": 11,
    "talker": 23,
    "text": "\\"לא הכנת שיעורי בית, אה?\\"",
    "verb": 0,
  },
  Object {
    "condition": 18,
    "noun": 2,
    "refCond": 127,
    "refNoun": 127,
    "refVerb": 32,
    "sequence": 1,
    "talker": 23,
    "text": "\\"מי הטיל את הילת הקסם שמסביב לעיר?\\"",
    "verb": 0,
  },
  Object {
    "condition": 18,
    "noun": 2,
    "refCond": 127,
    "refNoun": 127,
    "refVerb": 32,
    "sequence": 2,
    "talker": 99,
    "text": "אראנה",
    "verb": 0,
  },
  Object {
    "condition": 18,
    "noun": 2,
    "refCond": 127,
    "refNoun": 127,
    "refVerb": 32,
    "sequence": 3,
    "talker": 99,
    "text": "זארה",
    "verb": 0,
  },
  Object {
    "condition": 18,
    "noun": 2,
    "refCond": 127,
    "refNoun": 127,
    "refVerb": 32,
    "sequence": 4,
    "talker": 99,
    "text": "פנרוס",
    "verb": 0,
  },
  Object {
    "condition": 18,
    "noun": 2,
    "refCond": 127,
    "refNoun": 127,
    "refVerb": 32,
    "sequence": 5,
    "talker": 99,
    "text": "אני לא יודע.",
    "verb": 0,
  },
  Object {
    "condition": 18,
    "noun": 2,
    "refCond": 127,
    "refNoun": 127,
    "refVerb": 32,
    "sequence": 6,
    "talker": 99,
    "text": "סטפן",
    "verb": 0,
  },
  Object {
    "condition": 18,
    "noun": 2,
    "refCond": 127,
    "refNoun": 127,
    "refVerb": 32,
    "sequence": 7,
    "talker": 23,
    "text": "והיא הפכה אותו למקום כל כך שליו ורגוע. היכנס.\\"",
    "verb": 0,
  },
  Object {
    "condition": 18,
    "noun": 2,
    "refCond": 127,
    "refNoun": 127,
    "refVerb": 32,
    "sequence": 8,
    "talker": 23,
    "text": "חה חה! מרוב גודלה והוד יקרה היא בקושי הואילה בטובה לפתוח חנות בעיירה, קל וחומר שאין זה מכבודה להגן עליה.\\"",
    "verb": 0,
  },
  Object {
    "condition": 18,
    "noun": 2,
    "refCond": 127,
    "refNoun": 127,
    "refVerb": 32,
    "sequence": 9,
    "talker": 23,
    "text": "\\"עכ-ברוש שלך זה בטח נשמע יותר טוב.\\"",
    "verb": 0,
  },
  Object {
    "condition": 18,
    "noun": 2,
    "refCond": 127,
    "refNoun": 127,
    "refVerb": 32,
    "sequence": 10,
    "talker": 23,
    "text": "\\"אי ידיעת ההילה אינה פוטרת.\\"",
    "verb": 0,
  },
  Object {
    "condition": 18,
    "noun": 2,
    "refCond": 127,
    "refNoun": 127,
    "refVerb": 32,
    "sequence": 11,
    "talker": 23,
    "text": "\\"תמיד מצליח לך ככה במבחנים אמריקאיים?\\"",
    "verb": 0,
  },
  Object {
    "condition": 19,
    "noun": 2,
    "refCond": 127,
    "refNoun": 127,
    "refVerb": 32,
    "sequence": 1,
    "talker": 23,
    "text": "\\"מהי מהירות הטיסה הממוצעת של סנונית ללא מטען?\\"",
    "verb": 0,
  },
  Object {
    "condition": 19,
    "noun": 2,
    "refCond": 127,
    "refNoun": 127,
    "refVerb": 186,
    "sequence": 2,
    "talker": 99,
    "text": "אפריקאית או אירופאית?",
    "verb": 0,
  },
  Object {
    "condition": 19,
    "noun": 2,
    "refCond": 112,
    "refNoun": 112,
    "refVerb": 108,
    "sequence": 3,
    "talker": 99,
    "text": "אני לא יודע.",
    "verb": 0,
  },
  Object {
    "condition": 19,
    "noun": 2,
    "refCond": 112,
    "refNoun": 112,
    "refVerb": 109,
    "sequence": 4,
    "talker": 99,
    "text": "9.8 מטרים לשניה בריבוע.",
    "verb": 0,
  },
  Object {
    "condition": 19,
    "noun": 2,
    "refCond": 127,
    "refNoun": 127,
    "refVerb": 32,
    "sequence": 5,
    "talker": 23,
    "text": "35 מיילים לשעה.",
    "verb": 0,
  },
  Object {
    "condition": 19,
    "noun": 2,
    "refCond": 127,
    "refNoun": 127,
    "refVerb": 32,
    "sequence": 6,
    "talker": 99,
    "text": "מאה שמונים ושישה אלף מיילים לשניה.",
    "verb": 0,
  },
  Object {
    "condition": 19,
    "noun": 2,
    "refCond": 127,
    "refNoun": 127,
    "refVerb": 32,
    "sequence": 7,
    "talker": 23,
    "text": "\\"המממם, אין לי מושג. אשאל את הבוס מתי שהוא. נו טוב, ניצחת.\\"",
    "verb": 0,
  },
  Object {
    "condition": 19,
    "noun": 2,
    "refCond": 127,
    "refNoun": 127,
    "refVerb": 32,
    "sequence": 8,
    "talker": 23,
    "text": "\\"גם אני לא. היכנס.\\"",
    "verb": 0,
  },
  Object {
    "condition": 19,
    "noun": 2,
    "refCond": 127,
    "refNoun": 127,
    "refVerb": 32,
    "sequence": 9,
    "talker": 23,
    "text": "\\"רק כשאתה קושר את כנפיה ומפיל אותה.\\"",
    "verb": 0,
  },
  Object {
    "condition": 19,
    "noun": 2,
    "refCond": 127,
    "refNoun": 127,
    "refVerb": 32,
    "sequence": 10,
    "talker": 23,
    "text": "\\"אמרתי 'סנונית', לא דרור.\\"",
    "verb": 0,
  },
  Object {
    "condition": 19,
    "noun": 2,
    "refCond": 127,
    "refNoun": 127,
    "refVerb": 32,
    "sequence": 11,
    "talker": 23,
    "text": "\\"זה לא רק רעיון טוב, זה החוק, אה?\\"",
    "verb": 0,
  },
  Object {
    "condition": 20,
    "noun": 2,
    "refCond": 31,
    "refNoun": 31,
    "refVerb": 32,
    "sequence": 1,
    "talker": 23,
    "text": "\\"מהי התשובה לחיים, ליקום, וכל השאר?\\"",
    "verb": 0,
  },
  Object {
    "condition": 20,
    "noun": 2,
    "refCond": 31,
    "refNoun": 31,
    "refVerb": 32,
    "sequence": 2,
    "talker": 99,
    "text": "42",
    "verb": 0,
  },
  Object {
    "condition": 20,
    "noun": 2,
    "refCond": 31,
    "refNoun": 31,
    "refVerb": 32,
    "sequence": 3,
    "talker": 99,
    "text": "אני לא יודע.",
    "verb": 0,
  },
  Object {
    "condition": 20,
    "noun": 2,
    "refCond": 31,
    "refNoun": 31,
    "refVerb": 32,
    "sequence": 4,
    "talker": 99,
    "text": "החיים הם רק חלום.",
    "verb": 0,
  },
  Object {
    "condition": 20,
    "noun": 2,
    "refCond": 31,
    "refNoun": 31,
    "refVerb": 32,
    "sequence": 5,
    "talker": 99,
    "text": "החיים הם רק קערת דובדבנים.",
    "verb": 0,
  },
  Object {
    "condition": 20,
    "noun": 2,
    "refCond": 31,
    "refNoun": 31,
    "refVerb": 32,
    "sequence": 6,
    "talker": 99,
    "text": "דע מה לנשק, ומתי.",
    "verb": 0,
  },
  Object {
    "condition": 20,
    "noun": 2,
    "refCond": 31,
    "refNoun": 31,
    "refVerb": 32,
    "sequence": 7,
    "talker": 23,
    "text": "\\"אז הקדשת 'הרהור עמוק' לשאלה, אה?\\"",
    "verb": 0,
  },
  Object {
    "condition": 20,
    "noun": 2,
    "refCond": 127,
    "refNoun": 127,
    "refVerb": 186,
    "sequence": 8,
    "talker": 23,
    "text": "\\"לפחות אתה דובר אמת. (טיפש... אבל דובר אמת.)\\"",
    "verb": 0,
  },
  Object {
    "condition": 20,
    "noun": 2,
    "refCond": 127,
    "refNoun": 127,
    "refVerb": 32,
    "sequence": 9,
    "talker": 23,
    "text": "\\"אתה באמת חולם אם אתה חושב שאקבל את התשובה הזאת.\\"",
    "verb": 0,
  },
  Object {
    "condition": 20,
    "noun": 2,
    "refCond": 127,
    "refNoun": 127,
    "refVerb": 32,
    "sequence": 10,
    "talker": 23,
    "text": "\\"ובכן, בטוח שאתה אחד הגלעינים.\\"",
    "verb": 0,
  },
  Object {
    "condition": 20,
    "noun": 2,
    "refCond": 127,
    "refNoun": 127,
    "refVerb": 32,
    "sequence": 11,
    "talker": 23,
    "text": "\\"ענית נכונה על ה'מה', אולם נכשלת ב'מתי'.\\"",
    "verb": 0,
  },
  Object {
    "condition": 21,
    "noun": 2,
    "refCond": 127,
    "refNoun": 127,
    "refVerb": 32,
    "sequence": 1,
    "talker": 23,
    "text": "\\"אתה שומע אותי? יש לך שלוש שאלות!\\"",
    "verb": 0,
  },
  Object {
    "condition": 22,
    "noun": 2,
    "refCond": 127,
    "refNoun": 127,
    "refVerb": 32,
    "sequence": 1,
    "talker": 23,
    "text": "\\"פישלת, בחורצ'יק.\\"",
    "verb": 0,
  },
  Object {
    "condition": 22,
    "noun": 2,
    "refCond": 127,
    "refNoun": 127,
    "refVerb": 32,
    "sequence": 2,
    "talker": 23,
    "text": "\\"שלום שלום ואל תבוא לי בחלום.\\"",
    "verb": 0,
  },
  Object {
    "condition": 22,
    "noun": 2,
    "refCond": 127,
    "refNoun": 127,
    "refVerb": 32,
    "sequence": 3,
    "talker": 23,
    "text": "\\"בידך טעות, רות!\\"",
    "verb": 0,
  },
  Object {
    "condition": 22,
    "noun": 2,
    "refCond": 127,
    "refNoun": 127,
    "refVerb": 32,
    "sequence": 4,
    "talker": 23,
    "text": "\\"אסטה לה ויסטה, בייבי.\\"",
    "verb": 0,
  },
  Object {
    "condition": 22,
    "noun": 2,
    "refCond": 127,
    "refNoun": 127,
    "refVerb": 32,
    "sequence": 5,
    "talker": 23,
    "text": "\\"טיול נעים, נתראה בסתיו!\\"",
    "verb": 0,
  },
  Object {
    "condition": 22,
    "noun": 2,
    "refCond": 47,
    "refNoun": 47,
    "refVerb": 79,
    "sequence": 6,
    "talker": 23,
    "text": "\\"תפסתי 'תך!\\"",
    "verb": 0,
  },
  Object {
    "condition": 22,
    "noun": 2,
    "refCond": 112,
    "refNoun": 47,
    "refVerb": 220,
    "sequence": 7,
    "talker": 23,
    "text": "\\"קישטה, פרחח.\\"",
    "verb": 0,
  },
  Object {
    "condition": 23,
    "noun": 2,
    "refCond": 32,
    "refNoun": 32,
    "refVerb": 97,
    "sequence": 1,
    "talker": 23,
    "text": "\\"אתה לא מוותר בקלות, אה?\\"",
    "verb": 0,
  },
  Object {
    "condition": 24,
    "noun": 2,
    "refCond": 32,
    "refNoun": 32,
    "refVerb": 32,
    "sequence": 1,
    "talker": 23,
    "text": "\\"הקוסם יקבל אותך עכשיו.\\"",
    "verb": 0,
  },
  Object {
    "condition": 0,
    "noun": 2,
    "refCond": 127,
    "refNoun": 127,
    "refVerb": 32,
    "sequence": 1,
    "talker": 99,
    "text": "יצור האבן נראה משועמם. אתה לא היית?",
    "verb": 1,
  },
  Object {
    "condition": 5,
    "noun": 3,
    "refCond": 127,
    "refNoun": 127,
    "refVerb": 32,
    "sequence": 1,
    "talker": 99,
    "text": "גופך אינו מסוגל לעמוד עוד בטיפוס ההרים המפרך הזה. בשלב הזה, אתה מוכן להתחלף עם הגרגויל בתפקיד.",
    "verb": 0,
  },
  Object {
    "condition": 25,
    "noun": 3,
    "refCond": 127,
    "refNoun": 127,
    "refVerb": 32,
    "sequence": 1,
    "talker": 99,
    "text": "אתה מרגיש כאילו העפלת לפסגת מאטרהורן בשריון מלא. איזו עליה! אתה יכול לראות את כל עמק שפילבורג מכאן.",
    "verb": 0,
  },
  Object {
    "condition": 25,
    "noun": 3,
    "refCond": 127,
    "refNoun": 127,
    "refVerb": 32,
    "sequence": 2,
    "talker": 99,
    "text": "לאחר שסוף סוף אתה מצליח להסדיר את נשימתך, אתה שם לב שהגעת אל הבית המשונה למדי שראית מלמטה.",
    "verb": 0,
  },
  Object {
    "condition": 25,
    "noun": 3,
    "refCond": 112,
    "refNoun": 112,
    "refVerb": 32,
    "sequence": 3,
    "talker": 99,
    "text": "גרגויל מכוער ניצב מעל הכניסה.",
    "verb": 0,
  },
  Object {
    "condition": 26,
    "noun": 3,
    "refCond": 112,
    "refNoun": 112,
    "refVerb": 223,
    "sequence": 1,
    "talker": 99,
    "text": "העליה הזאת נראית ארוכה יותר ויותר בכל פעם. אבל הצלחת.",
    "verb": 0,
  },
  Object {
    "condition": 26,
    "noun": 3,
    "refCond": 112,
    "refNoun": 127,
    "refVerb": 32,
    "sequence": 2,
    "talker": 99,
    "text": "אתה מתחיל לחשוב שלהיטרף על ידי מפלצת יהיה יותר כיף מאשר לטפס על ההר הזה.",
    "verb": 0,
  },
  Object {
    "condition": 26,
    "noun": 3,
    "refCond": 112,
    "refNoun": 112,
    "refVerb": 223,
    "sequence": 3,
    "talker": 99,
    "text": "כל שריר בגופך מודיע לך חגיגית שזה יופי של אימון.",
    "verb": 0,
  },
  Object {
    "condition": 26,
    "noun": 3,
    "refCond": 127,
    "refNoun": 112,
    "refVerb": 32,
    "sequence": 4,
    "talker": 99,
    "text": "אתה חושב לעצמך, \\"עצמי, למה אני עושה את זה?\\". עצמך משיב, \\"אתה זה שרוצה להיות גיבור.\\"",
    "verb": 0,
  },
  Object {
    "condition": 23,
    "noun": 3,
    "refCond": 127,
    "refNoun": 127,
    "refVerb": 32,
    "sequence": 1,
    "talker": 99,
    "text": "לא משנה כמה אתה מרגיש בכושר במרגלות ההר, לפסגה אתה תמיד מגיע מותש יותר מהפעם הקודמת.",
    "verb": 0,
  },
  Object {
    "condition": 0,
    "noun": 3,
    "refCond": 127,
    "refNoun": 127,
    "refVerb": 32,
    "sequence": 1,
    "talker": 99,
    "text": "אתה חש בהילה מוזרה וקסומה אופפת את המקום.",
    "verb": 50,
  },
  Object {
    "condition": 0,
    "noun": 3,
    "refCond": 127,
    "refNoun": 127,
    "refVerb": 32,
    "sequence": 1,
    "talker": 99,
    "text": "הגרגויל לא יתיר לך לטפס על החומות.",
    "verb": 4,
  },
  Object {
    "condition": 0,
    "noun": 3,
    "refCond": 127,
    "refNoun": 127,
    "refVerb": 200,
    "sequence": 1,
    "talker": 99,
    "text": "אתה רואה בית סגול של מישהו שככל הנראה נהנה מהעמדה הרעועה על ראש הפסגה.",
    "verb": 1,
  },
  Object {
    "condition": 0,
    "noun": 3,
    "refCond": 127,
    "refNoun": 127,
    "refVerb": 205,
    "sequence": 1,
    "talker": 99,
    "text": "הדלת כבר פתוחה.",
    "verb": 51,
  },
  Object {
    "condition": 0,
    "noun": 4,
    "refCond": 127,
    "refNoun": 127,
    "refVerb": 205,
    "sequence": 1,
    "talker": 99,
    "text": "השמים בהירים. המסקנה המתבקשת היא שאתה מעל העננים.",
    "verb": 1,
  },
  Object {
    "condition": 0,
    "noun": 5,
    "refCond": 127,
    "refNoun": 127,
    "refVerb": 205,
    "sequence": 1,
    "talker": 99,
    "text": "לא נראה לי שיש לך גישה לחלון.",
    "verb": 4,
  },
  Object {
    "condition": 0,
    "noun": 5,
    "refCond": 127,
    "refNoun": 127,
    "refVerb": 205,
    "sequence": 1,
    "talker": 99,
    "text": "אתה משקיף מבחוץ, ורואה כי פנים הבית מעוצב בטעם משונה.",
    "verb": 1,
  },
]
`;

exports[`pack-unpack test for 29.msg should unpack a message resource file 1`] = `
Object {
  "data": Object {
    "entries": Array [
      Object {
        "condition": 0,
        "noun": 1,
        "offset": 1508,
        "refCond": 110,
        "refNoun": 104,
        "refSeq": 0,
        "refVerb": 105,
        "sequence": 1,
        "talker": 99,
        "verb": 1,
      },
      Object {
        "condition": 0,
        "noun": 1,
        "offset": 1586,
        "refCond": 32,
        "refNoun": 97,
        "refSeq": 0,
        "refVerb": 110,
        "sequence": 1,
        "talker": 99,
        "verb": 57,
      },
      Object {
        "condition": 1,
        "noun": 2,
        "offset": 1611,
        "refCond": 116,
        "refNoun": 104,
        "refSeq": 0,
        "refVerb": 97,
        "sequence": 1,
        "talker": 23,
        "verb": 0,
      },
      Object {
        "condition": 1,
        "noun": 2,
        "offset": 1674,
        "refCond": 96,
        "refNoun": 46,
        "refSeq": 0,
        "refVerb": 32,
        "sequence": 2,
        "talker": 23,
        "verb": 0,
      },
      Object {
        "condition": 2,
        "noun": 2,
        "offset": 1753,
        "refCond": 79,
        "refNoun": 78,
        "refSeq": 0,
        "refVerb": 68,
        "sequence": 1,
        "talker": 23,
        "verb": 0,
      },
      Object {
        "condition": 3,
        "noun": 2,
        "offset": 1791,
        "refCond": 75,
        "refNoun": 79,
        "refSeq": 0,
        "refVerb": 79,
        "sequence": 1,
        "talker": 23,
        "verb": 0,
      },
      Object {
        "condition": 4,
        "noun": 2,
        "offset": 1817,
        "refCond": 78,
        "refNoun": 64,
        "refSeq": 0,
        "refVerb": 64,
        "sequence": 1,
        "talker": 23,
        "verb": 0,
      },
      Object {
        "condition": 5,
        "noun": 2,
        "offset": 1832,
        "refCond": 96,
        "refNoun": 10,
        "refSeq": 0,
        "refVerb": 96,
        "sequence": 1,
        "talker": 23,
        "verb": 0,
      },
      Object {
        "condition": 6,
        "noun": 2,
        "offset": 1858,
        "refCond": 105,
        "refNoun": 116,
        "refSeq": 0,
        "refVerb": 115,
        "sequence": 1,
        "talker": 23,
        "verb": 0,
      },
      Object {
        "condition": 7,
        "noun": 2,
        "offset": 1900,
        "refCond": 97,
        "refNoun": 32,
        "refSeq": 0,
        "refVerb": 99,
        "sequence": 2,
        "talker": 23,
        "verb": 0,
      },
      Object {
        "condition": 7,
        "noun": 2,
        "offset": 1920,
        "refCond": 116,
        "refNoun": 104,
        "refSeq": 0,
        "refVerb": 97,
        "sequence": 3,
        "talker": 23,
        "verb": 0,
      },
      Object {
        "condition": 7,
        "noun": 2,
        "offset": 1958,
        "refCond": 114,
        "refNoun": 116,
        "refSeq": 0,
        "refVerb": 101,
        "sequence": 4,
        "talker": 23,
        "verb": 0,
      },
      Object {
        "condition": 7,
        "noun": 2,
        "offset": 1996,
        "refCond": 101,
        "refNoun": 116,
        "refSeq": 0,
        "refVerb": 104,
        "sequence": 5,
        "talker": 23,
        "verb": 0,
      },
      Object {
        "condition": 7,
        "noun": 2,
        "offset": 2022,
        "refCond": 32,
        "refNoun": 105,
        "refSeq": 0,
        "refVerb": 115,
        "sequence": 6,
        "talker": 23,
        "verb": 0,
      },
      Object {
        "condition": 7,
        "noun": 2,
        "offset": 2077,
        "refCond": 10,
        "refNoun": 108,
        "refSeq": 0,
        "refVerb": 121,
        "sequence": 7,
        "talker": 23,
        "verb": 0,
      },
      Object {
        "condition": 7,
        "noun": 2,
        "offset": 2103,
        "refCond": 46,
        "refNoun": 101,
        "refSeq": 0,
        "refVerb": 100,
        "sequence": 8,
        "talker": 23,
        "verb": 0,
      },
      Object {
        "condition": 7,
        "noun": 2,
        "offset": 2133,
        "refCond": 111,
        "refNoun": 32,
        "refSeq": 0,
        "refVerb": 121,
        "sequence": 9,
        "talker": 23,
        "verb": 0,
      },
      Object {
        "condition": 8,
        "noun": 2,
        "offset": 2152,
        "refCond": 104,
        "refNoun": 32,
        "refSeq": 0,
        "refVerb": 116,
        "sequence": 1,
        "talker": 23,
        "verb": 0,
      },
      Object {
        "condition": 8,
        "noun": 2,
        "offset": 2166,
        "refCond": 96,
        "refNoun": 46,
        "refSeq": 0,
        "refVerb": 32,
        "sequence": 2,
        "talker": 99,
        "verb": 0,
      },
      Object {
        "condition": 8,
        "noun": 2,
        "offset": 2181,
        "refCond": 95,
        "refNoun": 79,
        "refSeq": 0,
        "refVerb": 77,
        "sequence": 3,
        "talker": 99,
        "verb": 0,
      },
      Object {
        "condition": 8,
        "noun": 2,
        "offset": 2205,
        "refCond": 86,
        "refNoun": 75,
        "refSeq": 0,
        "refVerb": 95,
        "sequence": 4,
        "talker": 99,
        "verb": 0,
      },
      Object {
        "condition": 8,
        "noun": 2,
        "offset": 2220,
        "refCond": 82,
        "refNoun": 78,
        "refSeq": 0,
        "refVerb": 65,
        "sequence": 5,
        "talker": 99,
        "verb": 0,
      },
      Object {
        "condition": 8,
        "noun": 2,
        "offset": 2240,
        "refCond": 111,
        "refNoun": 96,
        "refSeq": 0,
        "refVerb": 89,
        "sequence": 6,
        "talker": 99,
        "verb": 0,
      },
      Object {
        "condition": 8,
        "noun": 2,
        "offset": 2251,
        "refCond": 32,
        "refNoun": 104,
        "refSeq": 0,
        "refVerb": 101,
        "sequence": 7,
        "talker": 99,
        "verb": 0,
      },
      Object {
        "condition": 8,
        "noun": 2,
        "offset": 2273,
        "refCond": 109,
        "refNoun": 104,
        "refSeq": 0,
        "refVerb": 111,
        "sequence": 8,
        "talker": 99,
        "verb": 0,
      },
      Object {
        "condition": 8,
        "noun": 2,
        "offset": 2300,
        "refCond": 111,
        "refNoun": 109,
        "refSeq": 0,
        "refVerb": 101,
        "sequence": 9,
        "talker": 99,
        "verb": 0,
      },
      Object {
        "condition": 8,
        "noun": 2,
        "offset": 2356,
        "refCond": 115,
        "refNoun": 109,
        "refSeq": 0,
        "refVerb": 117,
        "sequence": 10,
        "talker": 99,
        "verb": 0,
      },
      Object {
        "condition": 9,
        "noun": 2,
        "offset": 2369,
        "refCond": 116,
        "refNoun": 32,
        "refSeq": 0,
        "refVerb": 105,
        "sequence": 1,
        "talker": 23,
        "verb": 0,
      },
      Object {
        "condition": 10,
        "noun": 2,
        "offset": 2381,
        "refCond": 111,
        "refNoun": 114,
        "refSeq": 0,
        "refVerb": 105,
        "sequence": 4,
        "talker": 23,
        "verb": 0,
      },
      Object {
        "condition": 10,
        "noun": 2,
        "offset": 2412,
        "refCond": 117,
        "refNoun": 104,
        "refSeq": 0,
        "refVerb": 32,
        "sequence": 5,
        "talker": 23,
        "verb": 0,
      },
      Object {
        "condition": 10,
        "noun": 2,
        "offset": 2448,
        "refCond": 101,
        "refNoun": 32,
        "refSeq": 0,
        "refVerb": 112,
        "sequence": 6,
        "talker": 23,
        "verb": 0,
      },
      Object {
        "condition": 10,
        "noun": 2,
        "offset": 2482,
        "refCond": 82,
        "refNoun": 37,
        "refSeq": 0,
        "refVerb": 37,
        "sequence": 7,
        "talker": 23,
        "verb": 0,
      },
      Object {
        "condition": 10,
        "noun": 2,
        "offset": 2505,
        "refCond": 80,
        "refNoun": 62,
        "refSeq": 0,
        "refVerb": 79,
        "sequence": 8,
        "talker": 23,
        "verb": 0,
      },
      Object {
        "condition": 10,
        "noun": 2,
        "offset": 2536,
        "refCond": 64,
        "refNoun": 49,
        "refSeq": 0,
        "refVerb": 32,
        "sequence": 9,
        "talker": 23,
        "verb": 0,
      },
      Object {
        "condition": 11,
        "noun": 2,
        "offset": 2560,
        "refCond": 10,
        "refNoun": 79,
        "refSeq": 0,
        "refVerb": 82,
        "sequence": 1,
        "talker": 23,
        "verb": 0,
      },
      Object {
        "condition": 11,
        "noun": 2,
        "offset": 2618,
        "refCond": 114,
        "refNoun": 111,
        "refSeq": 0,
        "refVerb": 111,
        "sequence": 2,
        "talker": 23,
        "verb": 0,
      },
      Object {
        "condition": 12,
        "noun": 2,
        "offset": 2635,
        "refCond": 100,
        "refNoun": 101,
        "refSeq": 0,
        "refVerb": 97,
        "sequence": 1,
        "talker": 99,
        "verb": 0,
      },
      Object {
        "condition": 12,
        "noun": 2,
        "offset": 2651,
        "refCond": 10,
        "refNoun": 96,
        "refSeq": 0,
        "refVerb": 96,
        "sequence": 2,
        "talker": 99,
        "verb": 0,
      },
      Object {
        "condition": 12,
        "noun": 2,
        "offset": 2673,
        "refCond": 62,
        "refNoun": 78,
        "refSeq": 0,
        "refVerb": 32,
        "sequence": 3,
        "talker": 99,
        "verb": 0,
      },
      Object {
        "condition": 12,
        "noun": 2,
        "offset": 2694,
        "refCond": 43,
        "refNoun": 32,
        "refSeq": 0,
        "refVerb": 43,
        "sequence": 4,
        "talker": 99,
        "verb": 0,
      },
      Object {
        "condition": 12,
        "noun": 2,
        "offset": 2718,
        "refCond": 84,
        "refNoun": 82,
        "refSeq": 0,
        "refVerb": 65,
        "sequence": 5,
        "talker": 99,
        "verb": 0,
      },
      Object {
        "condition": 12,
        "noun": 2,
        "offset": 2743,
        "refCond": 115,
        "refNoun": 32,
        "refSeq": 0,
        "refVerb": 105,
        "sequence": 6,
        "talker": 99,
        "verb": 0,
      },
      Object {
        "condition": 12,
        "noun": 2,
        "offset": 2769,
        "refCond": 115,
        "refNoun": 101,
        "refSeq": 0,
        "refVerb": 115,
        "sequence": 7,
        "talker": 99,
        "verb": 0,
      },
      Object {
        "condition": 12,
        "noun": 2,
        "offset": 2819,
        "refCond": 115,
        "refNoun": 101,
        "refSeq": 0,
        "refVerb": 109,
        "sequence": 8,
        "talker": 99,
        "verb": 0,
      },
      Object {
        "condition": 12,
        "noun": 2,
        "offset": 2866,
        "refCond": 32,
        "refNoun": 111,
        "refSeq": 0,
        "refVerb": 117,
        "sequence": 9,
        "talker": 99,
        "verb": 0,
      },
      Object {
        "condition": 13,
        "noun": 2,
        "offset": 2897,
        "refCond": 32,
        "refNoun": 118,
        "refSeq": 0,
        "refVerb": 101,
        "sequence": 1,
        "talker": 23,
        "verb": 0,
      },
      Object {
        "condition": 14,
        "noun": 2,
        "offset": 2920,
        "refCond": 115,
        "refNoun": 117,
        "refSeq": 0,
        "refVerb": 100,
        "sequence": 1,
        "talker": 23,
        "verb": 0,
      },
      Object {
        "condition": 14,
        "noun": 2,
        "offset": 2946,
        "refCond": 78,
        "refNoun": 87,
        "refSeq": 0,
        "refVerb": 73,
        "sequence": 2,
        "talker": 99,
        "verb": 0,
      },
      Object {
        "condition": 14,
        "noun": 2,
        "offset": 2951,
        "refCond": 79,
        "refNoun": 62,
        "refSeq": 0,
        "refVerb": 68,
        "sequence": 3,
        "talker": 99,
        "verb": 0,
      },
      Object {
        "condition": 14,
        "noun": 2,
        "offset": 2958,
        "refCond": 127,
        "refNoun": 127,
        "refSeq": 0,
        "refVerb": 32,
        "sequence": 4,
        "talker": 99,
        "verb": 0,
      },
      Object {
        "condition": 14,
        "noun": 2,
        "offset": 2968,
        "refCond": 0,
        "refNoun": 127,
        "refSeq": 0,
        "refVerb": 127,
        "sequence": 5,
        "talker": 99,
        "verb": 0,
      },
      Object {
        "condition": 14,
        "noun": 2,
        "offset": 2981,
        "refCond": 166,
        "refNoun": 166,
        "refSeq": 0,
        "refVerb": 166,
        "sequence": 6,
        "talker": 99,
        "verb": 0,
      },
      Object {
        "condition": 14,
        "noun": 2,
        "offset": 2986,
        "refCond": 102,
        "refNoun": 166,
        "refSeq": 0,
        "refVerb": 0,
        "sequence": 7,
        "talker": 23,
        "verb": 0,
      },
      Object {
        "condition": 14,
        "noun": 2,
        "offset": 3024,
        "refCond": 96,
        "refNoun": 100,
        "refSeq": 0,
        "refVerb": 46,
        "sequence": 8,
        "talker": 23,
        "verb": 0,
      },
      Object {
        "condition": 14,
        "noun": 2,
        "offset": 3074,
        "refCond": 97,
        "refNoun": 32,
        "refSeq": 0,
        "refVerb": 99,
        "sequence": 9,
        "talker": 23,
        "verb": 0,
      },
      Object {
        "condition": 14,
        "noun": 2,
        "offset": 3092,
        "refCond": 116,
        "refNoun": 104,
        "refSeq": 0,
        "refVerb": 97,
        "sequence": 10,
        "talker": 23,
        "verb": 0,
      },
      Object {
        "condition": 14,
        "noun": 2,
        "offset": 3187,
        "refCond": 114,
        "refNoun": 116,
        "refSeq": 0,
        "refVerb": 101,
        "sequence": 11,
        "talker": 23,
        "verb": 0,
      },
      Object {
        "condition": 15,
        "noun": 2,
        "offset": 3233,
        "refCond": 101,
        "refNoun": 116,
        "refSeq": 0,
        "refVerb": 104,
        "sequence": 1,
        "talker": 23,
        "verb": 0,
      },
      Object {
        "condition": 15,
        "noun": 2,
        "offset": 3255,
        "refCond": 32,
        "refNoun": 105,
        "refSeq": 0,
        "refVerb": 115,
        "sequence": 2,
        "talker": 99,
        "verb": 0,
      },
      Object {
        "condition": 15,
        "noun": 2,
        "offset": 3262,
        "refCond": 0,
        "refNoun": 108,
        "refSeq": 0,
        "refVerb": 121,
        "sequence": 3,
        "talker": 99,
        "verb": 0,
      },
      Object {
        "condition": 15,
        "noun": 2,
        "offset": 3268,
        "refCond": 127,
        "refNoun": 0,
        "refSeq": 0,
        "refVerb": 32,
        "sequence": 4,
        "talker": 99,
        "verb": 0,
      },
      Object {
        "condition": 15,
        "noun": 2,
        "offset": 3283,
        "refCond": 127,
        "refNoun": 127,
        "refSeq": 0,
        "refVerb": 32,
        "sequence": 5,
        "talker": 99,
        "verb": 0,
      },
      Object {
        "condition": 15,
        "noun": 2,
        "offset": 3307,
        "refCond": 127,
        "refNoun": 127,
        "refSeq": 0,
        "refVerb": 32,
        "sequence": 6,
        "talker": 99,
        "verb": 0,
      },
      Object {
        "condition": 15,
        "noun": 2,
        "offset": 3321,
        "refCond": 127,
        "refNoun": 127,
        "refSeq": 0,
        "refVerb": 32,
        "sequence": 7,
        "talker": 23,
        "verb": 0,
      },
      Object {
        "condition": 15,
        "noun": 2,
        "offset": 3368,
        "refCond": 127,
        "refNoun": 127,
        "refSeq": 0,
        "refVerb": 32,
        "sequence": 8,
        "talker": 23,
        "verb": 0,
      },
      Object {
        "condition": 15,
        "noun": 2,
        "offset": 3404,
        "refCond": 127,
        "refNoun": 127,
        "refSeq": 0,
        "refVerb": 32,
        "sequence": 9,
        "talker": 23,
        "verb": 0,
      },
      Object {
        "condition": 15,
        "noun": 2,
        "offset": 3443,
        "refCond": 127,
        "refNoun": 127,
        "refSeq": 0,
        "refVerb": 32,
        "sequence": 10,
        "talker": 23,
        "verb": 0,
      },
      Object {
        "condition": 15,
        "noun": 2,
        "offset": 3466,
        "refCond": 127,
        "refNoun": 127,
        "refSeq": 0,
        "refVerb": 32,
        "sequence": 11,
        "talker": 23,
        "verb": 0,
      },
      Object {
        "condition": 16,
        "noun": 2,
        "offset": 3516,
        "refCond": 112,
        "refNoun": 127,
        "refSeq": 0,
        "refVerb": 32,
        "sequence": 1,
        "talker": 23,
        "verb": 0,
      },
      Object {
        "condition": 16,
        "noun": 2,
        "offset": 3543,
        "refCond": 112,
        "refNoun": 112,
        "refSeq": 0,
        "refVerb": 115,
        "sequence": 2,
        "talker": 23,
        "verb": 0,
      },
      Object {
        "condition": 16,
        "noun": 2,
        "offset": 3555,
        "refCond": 112,
        "refNoun": 112,
        "refSeq": 0,
        "refVerb": 112,
        "sequence": 3,
        "talker": 23,
        "verb": 0,
      },
      Object {
        "condition": 16,
        "noun": 2,
        "offset": 3562,
        "refCond": 112,
        "refNoun": 112,
        "refSeq": 0,
        "refVerb": 32,
        "sequence": 4,
        "talker": 23,
        "verb": 0,
      },
      Object {
        "condition": 16,
        "noun": 2,
        "offset": 3571,
        "refCond": 127,
        "refNoun": 127,
        "refSeq": 0,
        "refVerb": 32,
        "sequence": 5,
        "talker": 23,
        "verb": 0,
      },
      Object {
        "condition": 16,
        "noun": 2,
        "offset": 3592,
        "refCond": 127,
        "refNoun": 127,
        "refSeq": 0,
        "refVerb": 32,
        "sequence": 6,
        "talker": 23,
        "verb": 0,
      },
      Object {
        "condition": 16,
        "noun": 2,
        "offset": 3598,
        "refCond": 127,
        "refNoun": 127,
        "refSeq": 0,
        "refVerb": 32,
        "sequence": 7,
        "talker": 23,
        "verb": 0,
      },
      Object {
        "condition": 16,
        "noun": 2,
        "offset": 3653,
        "refCond": 127,
        "refNoun": 127,
        "refSeq": 0,
        "refVerb": 32,
        "sequence": 8,
        "talker": 23,
        "verb": 0,
      },
      Object {
        "condition": 16,
        "noun": 2,
        "offset": 3676,
        "refCond": 127,
        "refNoun": 127,
        "refSeq": 0,
        "refVerb": 186,
        "sequence": 9,
        "talker": 23,
        "verb": 0,
      },
      Object {
        "condition": 16,
        "noun": 2,
        "offset": 3710,
        "refCond": 48,
        "refNoun": 48,
        "refSeq": 0,
        "refVerb": 40,
        "sequence": 10,
        "talker": 23,
        "verb": 0,
      },
      Object {
        "condition": 16,
        "noun": 2,
        "offset": 3755,
        "refCond": 48,
        "refNoun": 48,
        "refSeq": 0,
        "refVerb": 117,
        "sequence": 11,
        "talker": 23,
        "verb": 0,
      },
      Object {
        "condition": 17,
        "noun": 2,
        "offset": 3884,
        "refCond": 48,
        "refNoun": 48,
        "refSeq": 0,
        "refVerb": 116,
        "sequence": 1,
        "talker": 23,
        "verb": 0,
      },
      Object {
        "condition": 17,
        "noun": 2,
        "offset": 3923,
        "refCond": 48,
        "refNoun": 48,
        "refSeq": 0,
        "refVerb": 101,
        "sequence": 2,
        "talker": 99,
        "verb": 0,
      },
      Object {
        "condition": 17,
        "noun": 2,
        "offset": 3928,
        "refCond": 127,
        "refNoun": 127,
        "refSeq": 0,
        "refVerb": 32,
        "sequence": 3,
        "talker": 99,
        "verb": 0,
      },
      Object {
        "condition": 17,
        "noun": 2,
        "offset": 3933,
        "refCond": 127,
        "refNoun": 127,
        "refSeq": 0,
        "refVerb": 32,
        "sequence": 4,
        "talker": 99,
        "verb": 0,
      },
      Object {
        "condition": 17,
        "noun": 2,
        "offset": 3938,
        "refCond": 127,
        "refNoun": 127,
        "refSeq": 0,
        "refVerb": 32,
        "sequence": 5,
        "talker": 99,
        "verb": 0,
      },
      Object {
        "condition": 17,
        "noun": 2,
        "offset": 3945,
        "refCond": 127,
        "refNoun": 127,
        "refSeq": 0,
        "refVerb": 32,
        "sequence": 6,
        "talker": 99,
        "verb": 0,
      },
      Object {
        "condition": 17,
        "noun": 2,
        "offset": 3957,
        "refCond": 127,
        "refNoun": 127,
        "refSeq": 0,
        "refVerb": 32,
        "sequence": 7,
        "talker": 23,
        "verb": 0,
      },
      Object {
        "condition": 17,
        "noun": 2,
        "offset": 4015,
        "refCond": 48,
        "refNoun": 48,
        "refSeq": 0,
        "refVerb": 41,
        "sequence": 8,
        "talker": 23,
        "verb": 0,
      },
      Object {
        "condition": 17,
        "noun": 2,
        "offset": 4060,
        "refCond": 48,
        "refNoun": 62,
        "refSeq": 0,
        "refVerb": 101,
        "sequence": 9,
        "talker": 23,
        "verb": 0,
      },
      Object {
        "condition": 17,
        "noun": 2,
        "offset": 4098,
        "refCond": 48,
        "refNoun": 48,
        "refSeq": 0,
        "refVerb": 58,
        "sequence": 10,
        "talker": 23,
        "verb": 0,
      },
      Object {
        "condition": 17,
        "noun": 2,
        "offset": 4168,
        "refCond": 127,
        "refNoun": 48,
        "refSeq": 0,
        "refVerb": 32,
        "sequence": 11,
        "talker": 23,
        "verb": 0,
      },
      Object {
        "condition": 18,
        "noun": 2,
        "offset": 4194,
        "refCond": 127,
        "refNoun": 127,
        "refSeq": 0,
        "refVerb": 32,
        "sequence": 1,
        "talker": 23,
        "verb": 0,
      },
      Object {
        "condition": 18,
        "noun": 2,
        "offset": 4230,
        "refCond": 127,
        "refNoun": 127,
        "refSeq": 0,
        "refVerb": 32,
        "sequence": 2,
        "talker": 99,
        "verb": 0,
      },
      Object {
        "condition": 18,
        "noun": 2,
        "offset": 4236,
        "refCond": 127,
        "refNoun": 127,
        "refSeq": 0,
        "refVerb": 32,
        "sequence": 3,
        "talker": 99,
        "verb": 0,
      },
      Object {
        "condition": 18,
        "noun": 2,
        "offset": 4241,
        "refCond": 127,
        "refNoun": 127,
        "refSeq": 0,
        "refVerb": 32,
        "sequence": 4,
        "talker": 99,
        "verb": 0,
      },
      Object {
        "condition": 18,
        "noun": 2,
        "offset": 4247,
        "refCond": 127,
        "refNoun": 127,
        "refSeq": 0,
        "refVerb": 32,
        "sequence": 5,
        "talker": 99,
        "verb": 0,
      },
      Object {
        "condition": 18,
        "noun": 2,
        "offset": 4260,
        "refCond": 127,
        "refNoun": 127,
        "refSeq": 0,
        "refVerb": 32,
        "sequence": 6,
        "talker": 99,
        "verb": 0,
      },
      Object {
        "condition": 18,
        "noun": 2,
        "offset": 4265,
        "refCond": 127,
        "refNoun": 127,
        "refSeq": 0,
        "refVerb": 32,
        "sequence": 7,
        "talker": 23,
        "verb": 0,
      },
      Object {
        "condition": 18,
        "noun": 2,
        "offset": 4312,
        "refCond": 127,
        "refNoun": 127,
        "refSeq": 0,
        "refVerb": 32,
        "sequence": 8,
        "talker": 23,
        "verb": 0,
      },
      Object {
        "condition": 18,
        "noun": 2,
        "offset": 4418,
        "refCond": 127,
        "refNoun": 127,
        "refSeq": 0,
        "refVerb": 32,
        "sequence": 9,
        "talker": 23,
        "verb": 0,
      },
      Object {
        "condition": 18,
        "noun": 2,
        "offset": 4454,
        "refCond": 127,
        "refNoun": 127,
        "refSeq": 0,
        "refVerb": 32,
        "sequence": 10,
        "talker": 23,
        "verb": 0,
      },
      Object {
        "condition": 18,
        "noun": 2,
        "offset": 4483,
        "refCond": 127,
        "refNoun": 127,
        "refSeq": 0,
        "refVerb": 32,
        "sequence": 11,
        "talker": 23,
        "verb": 0,
      },
      Object {
        "condition": 19,
        "noun": 2,
        "offset": 4522,
        "refCond": 127,
        "refNoun": 127,
        "refSeq": 0,
        "refVerb": 32,
        "sequence": 1,
        "talker": 23,
        "verb": 0,
      },
      Object {
        "condition": 19,
        "noun": 2,
        "offset": 4569,
        "refCond": 127,
        "refNoun": 127,
        "refSeq": 0,
        "refVerb": 186,
        "sequence": 2,
        "talker": 99,
        "verb": 0,
      },
      Object {
        "condition": 19,
        "noun": 2,
        "offset": 4591,
        "refCond": 112,
        "refNoun": 112,
        "refSeq": 0,
        "refVerb": 108,
        "sequence": 3,
        "talker": 99,
        "verb": 0,
      },
      Object {
        "condition": 19,
        "noun": 2,
        "offset": 4604,
        "refCond": 112,
        "refNoun": 112,
        "refSeq": 0,
        "refVerb": 109,
        "sequence": 4,
        "talker": 99,
        "verb": 0,
      },
      Object {
        "condition": 19,
        "noun": 2,
        "offset": 4628,
        "refCond": 127,
        "refNoun": 127,
        "refSeq": 0,
        "refVerb": 32,
        "sequence": 5,
        "talker": 23,
        "verb": 0,
      },
      Object {
        "condition": 19,
        "noun": 2,
        "offset": 4644,
        "refCond": 127,
        "refNoun": 127,
        "refSeq": 0,
        "refVerb": 32,
        "sequence": 6,
        "talker": 99,
        "verb": 0,
      },
      Object {
        "condition": 19,
        "noun": 2,
        "offset": 4679,
        "refCond": 127,
        "refNoun": 127,
        "refSeq": 0,
        "refVerb": 32,
        "sequence": 7,
        "talker": 23,
        "verb": 0,
      },
      Object {
        "condition": 19,
        "noun": 2,
        "offset": 4739,
        "refCond": 127,
        "refNoun": 127,
        "refSeq": 0,
        "refVerb": 32,
        "sequence": 8,
        "talker": 23,
        "verb": 0,
      },
      Object {
        "condition": 19,
        "noun": 2,
        "offset": 4759,
        "refCond": 127,
        "refNoun": 127,
        "refSeq": 0,
        "refVerb": 32,
        "sequence": 9,
        "talker": 23,
        "verb": 0,
      },
      Object {
        "condition": 19,
        "noun": 2,
        "offset": 4796,
        "refCond": 127,
        "refNoun": 127,
        "refSeq": 0,
        "refVerb": 32,
        "sequence": 10,
        "talker": 23,
        "verb": 0,
      },
      Object {
        "condition": 19,
        "noun": 2,
        "offset": 4823,
        "refCond": 127,
        "refNoun": 127,
        "refSeq": 0,
        "refVerb": 32,
        "sequence": 11,
        "talker": 23,
        "verb": 0,
      },
      Object {
        "condition": 20,
        "noun": 2,
        "offset": 4858,
        "refCond": 31,
        "refNoun": 31,
        "refSeq": 0,
        "refVerb": 32,
        "sequence": 1,
        "talker": 23,
        "verb": 0,
      },
      Object {
        "condition": 20,
        "noun": 2,
        "offset": 4895,
        "refCond": 31,
        "refNoun": 31,
        "refSeq": 0,
        "refVerb": 32,
        "sequence": 2,
        "talker": 99,
        "verb": 0,
      },
      Object {
        "condition": 20,
        "noun": 2,
        "offset": 4898,
        "refCond": 31,
        "refNoun": 31,
        "refSeq": 0,
        "refVerb": 32,
        "sequence": 3,
        "talker": 99,
        "verb": 0,
      },
      Object {
        "condition": 20,
        "noun": 2,
        "offset": 4911,
        "refCond": 31,
        "refNoun": 31,
        "refSeq": 0,
        "refVerb": 32,
        "sequence": 4,
        "talker": 99,
        "verb": 0,
      },
      Object {
        "condition": 20,
        "noun": 2,
        "offset": 4929,
        "refCond": 31,
        "refNoun": 31,
        "refSeq": 0,
        "refVerb": 32,
        "sequence": 5,
        "talker": 99,
        "verb": 0,
      },
      Object {
        "condition": 20,
        "noun": 2,
        "offset": 4956,
        "refCond": 31,
        "refNoun": 31,
        "refSeq": 0,
        "refVerb": 32,
        "sequence": 6,
        "talker": 99,
        "verb": 0,
      },
      Object {
        "condition": 20,
        "noun": 2,
        "offset": 4974,
        "refCond": 31,
        "refNoun": 31,
        "refSeq": 0,
        "refVerb": 32,
        "sequence": 7,
        "talker": 23,
        "verb": 0,
      },
      Object {
        "condition": 20,
        "noun": 2,
        "offset": 5009,
        "refCond": 127,
        "refNoun": 127,
        "refSeq": 0,
        "refVerb": 186,
        "sequence": 8,
        "talker": 23,
        "verb": 0,
      },
      Object {
        "condition": 20,
        "noun": 2,
        "offset": 5055,
        "refCond": 127,
        "refNoun": 127,
        "refSeq": 0,
        "refVerb": 32,
        "sequence": 9,
        "talker": 23,
        "verb": 0,
      },
      Object {
        "condition": 20,
        "noun": 2,
        "offset": 5105,
        "refCond": 127,
        "refNoun": 127,
        "refSeq": 0,
        "refVerb": 32,
        "sequence": 10,
        "talker": 23,
        "verb": 0,
      },
      Object {
        "condition": 20,
        "noun": 2,
        "offset": 5137,
        "refCond": 127,
        "refNoun": 127,
        "refSeq": 0,
        "refVerb": 32,
        "sequence": 11,
        "talker": 23,
        "verb": 0,
      },
      Object {
        "condition": 21,
        "noun": 2,
        "offset": 5179,
        "refCond": 127,
        "refNoun": 127,
        "refSeq": 0,
        "refVerb": 32,
        "sequence": 1,
        "talker": 23,
        "verb": 0,
      },
      Object {
        "condition": 22,
        "noun": 2,
        "offset": 5214,
        "refCond": 127,
        "refNoun": 127,
        "refSeq": 0,
        "refVerb": 32,
        "sequence": 1,
        "talker": 23,
        "verb": 0,
      },
      Object {
        "condition": 22,
        "noun": 2,
        "offset": 5233,
        "refCond": 127,
        "refNoun": 127,
        "refSeq": 0,
        "refVerb": 32,
        "sequence": 2,
        "talker": 23,
        "verb": 0,
      },
      Object {
        "condition": 22,
        "noun": 2,
        "offset": 5264,
        "refCond": 127,
        "refNoun": 127,
        "refSeq": 0,
        "refVerb": 32,
        "sequence": 3,
        "talker": 23,
        "verb": 0,
      },
      Object {
        "condition": 22,
        "noun": 2,
        "offset": 5282,
        "refCond": 127,
        "refNoun": 127,
        "refSeq": 0,
        "refVerb": 32,
        "sequence": 4,
        "talker": 23,
        "verb": 0,
      },
      Object {
        "condition": 22,
        "noun": 2,
        "offset": 5306,
        "refCond": 127,
        "refNoun": 127,
        "refSeq": 0,
        "refVerb": 32,
        "sequence": 5,
        "talker": 23,
        "verb": 0,
      },
      Object {
        "condition": 22,
        "noun": 2,
        "offset": 5332,
        "refCond": 47,
        "refNoun": 47,
        "refSeq": 0,
        "refVerb": 79,
        "sequence": 6,
        "talker": 23,
        "verb": 0,
      },
      Object {
        "condition": 22,
        "noun": 2,
        "offset": 5345,
        "refCond": 112,
        "refNoun": 47,
        "refSeq": 0,
        "refVerb": 220,
        "sequence": 7,
        "talker": 23,
        "verb": 0,
      },
      Object {
        "condition": 23,
        "noun": 2,
        "offset": 5360,
        "refCond": 32,
        "refNoun": 32,
        "refSeq": 0,
        "refVerb": 97,
        "sequence": 1,
        "talker": 23,
        "verb": 0,
      },
      Object {
        "condition": 24,
        "noun": 2,
        "offset": 5386,
        "refCond": 32,
        "refNoun": 32,
        "refSeq": 0,
        "refVerb": 32,
        "sequence": 1,
        "talker": 23,
        "verb": 0,
      },
      Object {
        "condition": 0,
        "noun": 2,
        "offset": 5411,
        "refCond": 127,
        "refNoun": 127,
        "refSeq": 0,
        "refVerb": 32,
        "sequence": 1,
        "talker": 99,
        "verb": 1,
      },
      Object {
        "condition": 5,
        "noun": 3,
        "offset": 5447,
        "refCond": 127,
        "refNoun": 127,
        "refSeq": 0,
        "refVerb": 32,
        "sequence": 1,
        "talker": 99,
        "verb": 0,
      },
      Object {
        "condition": 25,
        "noun": 3,
        "offset": 5542,
        "refCond": 127,
        "refNoun": 127,
        "refSeq": 0,
        "refVerb": 32,
        "sequence": 1,
        "talker": 99,
        "verb": 0,
      },
      Object {
        "condition": 25,
        "noun": 3,
        "offset": 5642,
        "refCond": 127,
        "refNoun": 127,
        "refSeq": 0,
        "refVerb": 32,
        "sequence": 2,
        "talker": 99,
        "verb": 0,
      },
      Object {
        "condition": 25,
        "noun": 3,
        "offset": 5733,
        "refCond": 112,
        "refNoun": 112,
        "refSeq": 0,
        "refVerb": 32,
        "sequence": 3,
        "talker": 99,
        "verb": 0,
      },
      Object {
        "condition": 26,
        "noun": 3,
        "offset": 5763,
        "refCond": 112,
        "refNoun": 112,
        "refSeq": 0,
        "refVerb": 223,
        "sequence": 1,
        "talker": 99,
        "verb": 0,
      },
      Object {
        "condition": 26,
        "noun": 3,
        "offset": 5817,
        "refCond": 112,
        "refNoun": 127,
        "refSeq": 0,
        "refVerb": 32,
        "sequence": 2,
        "talker": 99,
        "verb": 0,
      },
      Object {
        "condition": 26,
        "noun": 3,
        "offset": 5890,
        "refCond": 112,
        "refNoun": 112,
        "refSeq": 0,
        "refVerb": 223,
        "sequence": 3,
        "talker": 99,
        "verb": 0,
      },
      Object {
        "condition": 26,
        "noun": 3,
        "offset": 5939,
        "refCond": 127,
        "refNoun": 112,
        "refSeq": 0,
        "refVerb": 32,
        "sequence": 4,
        "talker": 99,
        "verb": 0,
      },
      Object {
        "condition": 23,
        "noun": 3,
        "offset": 6023,
        "refCond": 127,
        "refNoun": 127,
        "refSeq": 0,
        "refVerb": 32,
        "sequence": 1,
        "talker": 99,
        "verb": 0,
      },
      Object {
        "condition": 0,
        "noun": 3,
        "offset": 6108,
        "refCond": 127,
        "refNoun": 127,
        "refSeq": 0,
        "refVerb": 32,
        "sequence": 1,
        "talker": 99,
        "verb": 50,
      },
      Object {
        "condition": 0,
        "noun": 3,
        "offset": 6150,
        "refCond": 127,
        "refNoun": 127,
        "refSeq": 0,
        "refVerb": 32,
        "sequence": 1,
        "talker": 99,
        "verb": 4,
      },
      Object {
        "condition": 0,
        "noun": 3,
        "offset": 6185,
        "refCond": 127,
        "refNoun": 127,
        "refSeq": 0,
        "refVerb": 200,
        "sequence": 1,
        "talker": 99,
        "verb": 1,
      },
      Object {
        "condition": 0,
        "noun": 3,
        "offset": 6256,
        "refCond": 127,
        "refNoun": 127,
        "refSeq": 0,
        "refVerb": 205,
        "sequence": 1,
        "talker": 99,
        "verb": 51,
      },
      Object {
        "condition": 0,
        "noun": 4,
        "offset": 6272,
        "refCond": 127,
        "refNoun": 127,
        "refSeq": 0,
        "refVerb": 205,
        "sequence": 1,
        "talker": 99,
        "verb": 1,
      },
      Object {
        "condition": 0,
        "noun": 5,
        "offset": 6322,
        "refCond": 127,
        "refNoun": 127,
        "refSeq": 0,
        "refVerb": 205,
        "sequence": 1,
        "talker": 99,
        "verb": 4,
      },
      Object {
        "condition": 0,
        "noun": 5,
        "offset": 6352,
        "refCond": 127,
        "refNoun": 127,
        "refSeq": 0,
        "refVerb": 205,
        "sequence": 1,
        "talker": 99,
        "verb": 1,
      },
    ],
    "lastMsgNum": 6408,
    "length": 0,
    "nEntries": 150,
    "version": 218890383,
  },
  "strings": Array [
    "מבעד לדלת הפתוחה, אתה מבחין כי מגדל ארסמוס מבפנים נראה אפילו יותר מוזר מבחוץ.",
    "הדלת שומרת על דממת מוות.",
    "\\"שוב חזרת, אני רואה.
יצור עיקש, הלא כן?
טוב, בוא נסיים עם זה.\\"",
    "\\"שוב אתה?
איך גרגויל יכול לנוח בכלל כשאתה ממשיך להפריע לי?
שום התחשבות. המפף.\\"",
    "\\"עלה מייד אל המגדל. מספיק להשתעשע!!!\\"",
    "\\"אל תפריע לקוסם במנוחתו!\\"",
    "\\"או! שוב אתה!\\"",
    "\\"ואתה רוצה להיות גיבור?!\\"",
    "\\"הקוסם ממתין לך במגדלו. עלה ישר במדרגות.\\"",
    "\\"קרא לי בלתי-אמין.\\"",
    "\\"מכרת את המכונית שלי.
התכונן לתעופה.\\"",
    "\\"נעים לפגוש אותך, כה.
עכשיו, לך מפה!\\"",
    "\\"בטח, ואני הנסיכה רובלה.\\"",
    "\\"אתה אדם טוב ממני, שזה לא קשה בהתחשב בכך שאני גרגויל.\\"",
    "\\"ירדת קצת במשקל, אלוויס?\\"",
    "\\"מי אתה חושב שאני -- דורותי?\\"",
    "\\"אז לא אשאל אותך.\\"",
    "\\"מה הוא שמך?\\"",
    "קרא לי ישמעאל.",
    "אני הוא איניגו מונטלבן.",
    "אני כה מבולבל.",
    "אני המלך גרהם קרקר.",
    "גונגה דין.",
    "רוח הרפאים של אלוויס.",
    "אני הוא עוץ, הגדול והנורא.",
    "אני הוא אני וזהו שמי, אם תשאל אותי שוב - אחזור על עצמי.",
    "גיבור אלמוני",
    "\\"עמוד דום!\\"",
    "\\"אתה ממש, ממש לא במשחק הנכון.\\"",
    "\\"מצטער, מה-שמו ג'ונס כבר מצא אותו.\\"",
    "\\"בחיי, כמה שהגעת למקום הלא-נכון.\\"",
    "\\"אז, היזהר משלג צהוב.\\"",
    "\\"...למות את המוות הבלתי נמנע?\\"",
    "\\"אתה לא מתכוון, ליפול?\\"",
    "\\"מי שרוצה את הקוסם לפגוש, חייב קודם לענות על שאלות שלוש:\\"",
    "\\"מה היא משימתך?\\"",
    "אני רוצה תהילה.",
    "אני רוצה להיות גיבור.",
    "אני רוצה להיות קוסם.",
    "אני רוצה להיות שודד ים.",
    "אני תר אחרי הגביע הקדוש.",
    "אני רוצה להיות עשיר ויפה.",
    "אני רוצה ללכת באומץ לאן שאף אחד עוד לא הלך מעולם.",
    "לחלום, חלומות אבודים; ללחום, קרב אבוד שנגמר...",
    "סתם הייתי בסביבה וחשבתי לקפוץ.",
    "\\"הנה באות השאלות שלך:\\"",
    "\\"מה הוא הצבע האהוב עליך?\\"",
    "סגול",
    "שוקולד",
    "כחול מכבי",
    "אדום או שחור",
    "צהוב",
    "\\"היי! העיניים שלו אכן עובדות! היכנס.\\"",
    "\\"אתה אולי עיוור צבעים, אבל יש לך טעם טוב. היכנס.\\"",
    "\\"לבי מדמם עבורך.\\"",
    "\\"אשים את הקלפים על השולחן; אתה קלף משוגע. אבל ארסמוס לא מחבב אורחים שלא משחקים עם חפיסה שלמה.\\"",
    "\\"צר לי צ'ארלי, ארסמוס רוצה אנשים עם טעם טוב.\\"",
    "\\"את מי אתה מחפש כאן?\\"",
    "ארסמוס",
    "פנרוס",
    "הקוסם מארץ עוץ",
    "ד\\"ר ליוינגסטון, סבורני.",
    "אמיליה ארהארט",
    "\\"אני ממש מקווה שלא התבלבלת עם הפיצה שלו הפעם!\\"",
    "\\"עכ-ברוש שלך זה בטח נשמע יותר טוב.\\"",
    "\\"משום מה, אני חושב שאתה כבר לא בקנזס.\\"",
    "\\"זו סברה מגוחכת מצדך.\\"",
    "\\"היא תהיה כאן בעוד כמה מאות שנים. תוכל לחזור אז.\\"",
    "\\"מה היא סיסמתם של הגנבים?\\"",
    "אני לא יודע",
    "דג חרב",
    "שוורטפיש",
    "ברל'ה ברל'ה צא החוצה",
    "פוטית",
    "\\"לפחות, אם אתה גנב, אתה מתבייש להודות בזה. בוא תיכנס.\\"",
    "\\"ו'X' מסמן את הנקודה.\\"",
    "\\"זה נכון! אבל לא לזה התכוונתי!!!\\"",
    "\\"טוב. אני אחביא אותך, ואתה תתחיל לחפש אותי!\\"",
    "\\"איזו תשובה פיט-פוטית! חשבת על בדיחידג מוצלחת, מה? אני מקוויאר שלא מדגדג לך להתחכם יותר. יצאת טונה, וגם הריח שלך לא משהו בכלל!\\" ",
    "\\"מהו שמו הפרטי של האיש ששולט על העמק?\\"",
    "סטפן",
    "ברון",
    "שטפן",
    "ארסמוס",
    "אני לא יודע",
    "\\"ובכן, ארסמוס תמיד מעריך את מי שמכיר את שמות הקסמים שלו.\\"",
    "\\"Right. And Smokey's middle name is 'the'.\\" ",
    "\\"לא לא לא, אתה מבלבל בינו לבין המלך.\\"",
    "חה! לבוס יש דברים חשובים יותר לעשות מאשר לשלוט על החור שכוח האל הזה.\\"",
    "\\"לא הכנת שיעורי בית, אה?\\"",
    "\\"מי הטיל את הילת הקסם שמסביב לעיר?\\"",
    "אראנה",
    "זארה",
    "פנרוס",
    "אני לא יודע.",
    "סטפן",
    "והיא הפכה אותו למקום כל כך שליו ורגוע. היכנס.\\"",
    "חה חה! מרוב גודלה והוד יקרה היא בקושי הואילה בטובה לפתוח חנות בעיירה, קל וחומר שאין זה מכבודה להגן עליה.\\"",
    "\\"עכ-ברוש שלך זה בטח נשמע יותר טוב.\\"",
    "\\"אי ידיעת ההילה אינה פוטרת.\\"",
    "\\"תמיד מצליח לך ככה במבחנים אמריקאיים?\\"",
    "\\"מהי מהירות הטיסה הממוצעת של סנונית ללא מטען?\\"",
    "אפריקאית או אירופאית?",
    "אני לא יודע.",
    "9.8 מטרים לשניה בריבוע.",
    "35 מיילים לשעה.",
    "מאה שמונים ושישה אלף מיילים לשניה.",
    "\\"המממם, אין לי מושג. אשאל את הבוס מתי שהוא. נו טוב, ניצחת.\\"",
    "\\"גם אני לא. היכנס.\\"",
    "\\"רק כשאתה קושר את כנפיה ומפיל אותה.\\"",
    "\\"אמרתי 'סנונית', לא דרור.\\"",
    "\\"זה לא רק רעיון טוב, זה החוק, אה?\\"",
    "\\"מהי התשובה לחיים, ליקום, וכל השאר?\\"",
    "42",
    "אני לא יודע.",
    "החיים הם רק חלום.",
    "החיים הם רק קערת דובדבנים.",
    "דע מה לנשק, ומתי.",
    "\\"אז הקדשת 'הרהור עמוק' לשאלה, אה?\\"",
    "\\"לפחות אתה דובר אמת. (טיפש... אבל דובר אמת.)\\"",
    "\\"אתה באמת חולם אם אתה חושב שאקבל את התשובה הזאת.\\"",
    "\\"ובכן, בטוח שאתה אחד הגלעינים.\\"",
    "\\"ענית נכונה על ה'מה', אולם נכשלת ב'מתי'.\\"",
    "\\"אתה שומע אותי? יש לך שלוש שאלות!\\"",
    "\\"פישלת, בחורצ'יק.\\"",
    "\\"שלום שלום ואל תבוא לי בחלום.\\"",
    "\\"בידך טעות, רות!\\"",
    "\\"אסטה לה ויסטה, בייבי.\\"",
    "\\"טיול נעים, נתראה בסתיו!\\"",
    "\\"תפסתי 'תך!\\"",
    "\\"קישטה, פרחח.\\"",
    "\\"אתה לא מוותר בקלות, אה?\\"",
    "\\"הקוסם יקבל אותך עכשיו.\\"",
    "יצור האבן נראה משועמם. אתה לא היית?",
    "גופך אינו מסוגל לעמוד עוד בטיפוס ההרים המפרך הזה. בשלב הזה, אתה מוכן להתחלף עם הגרגויל בתפקיד.",
    "אתה מרגיש כאילו העפלת לפסגת מאטרהורן בשריון מלא. איזו עליה! אתה יכול לראות את כל עמק שפילבורג מכאן.",
    "לאחר שסוף סוף אתה מצליח להסדיר את נשימתך, אתה שם לב שהגעת אל הבית המשונה למדי שראית מלמטה.",
    "גרגויל מכוער ניצב מעל הכניסה.",
    "העליה הזאת נראית ארוכה יותר ויותר בכל פעם. אבל הצלחת.",
    "אתה מתחיל לחשוב שלהיטרף על ידי מפלצת יהיה יותר כיף מאשר לטפס על ההר הזה.",
    "כל שריר בגופך מודיע לך חגיגית שזה יופי של אימון.",
    "אתה חושב לעצמך, \\"עצמי, למה אני עושה את זה?\\". עצמך משיב, \\"אתה זה שרוצה להיות גיבור.\\"",
    "לא משנה כמה אתה מרגיש בכושר במרגלות ההר, לפסגה אתה תמיד מגיע מותש יותר מהפעם הקודמת.",
    "אתה חש בהילה מוזרה וקסומה אופפת את המקום.",
    "הגרגויל לא יתיר לך לטפס על החומות.",
    "אתה רואה בית סגול של מישהו שככל הנראה נהנה מהעמדה הרעועה על ראש הפסגה.",
    "הדלת כבר פתוחה.",
    "השמים בהירים. המסקנה המתבקשת היא שאתה מעל העננים.",
    "לא נראה לי שיש לך גישה לחלון.",
    "אתה משקיף מבחוץ, ורואה כי פנים הבית מעוצב בטעם משונה.",
  ],
}
`;
