// Jest Snapshot v1, https://goo.gl/fbAQLP

exports[`pack-unpack test should unpack a message resource file 1`] = `
Object {
  "data": Object {
    "entries": Array [
      Object {
        "condition": 0,
        "noun": 1,
        "offset": 230,
        "refCond": 186,
        "refNoun": 20,
        "refSeq": 2,
        "refVerb": 0,
        "sequence": 1,
        "talker": 99,
        "verb": 1,
      },
      Object {
        "condition": 0,
        "noun": 2,
        "offset": 246,
        "refCond": 166,
        "refNoun": 166,
        "refSeq": 4,
        "refVerb": 166,
        "sequence": 1,
        "talker": 99,
        "verb": 1,
      },
      Object {
        "condition": 0,
        "noun": 4,
        "offset": 291,
        "refCond": 166,
        "refNoun": 166,
        "refSeq": 5,
        "refVerb": 166,
        "sequence": 1,
        "talker": 99,
        "verb": 1,
      },
      Object {
        "condition": 0,
        "noun": 5,
        "offset": 336,
        "refCond": 0,
        "refNoun": 119,
        "refSeq": 6,
        "refVerb": 0,
        "sequence": 1,
        "talker": 99,
        "verb": 4,
      },
      Object {
        "condition": 0,
        "noun": 6,
        "offset": 366,
        "refCond": 119,
        "refNoun": 0,
        "refSeq": 6,
        "refVerb": 244,
        "sequence": 1,
        "talker": 99,
        "verb": 4,
      },
      Object {
        "condition": 1,
        "noun": 6,
        "offset": 444,
        "refCond": 166,
        "refNoun": 166,
        "refSeq": 6,
        "refVerb": 166,
        "sequence": 1,
        "talker": 99,
        "verb": 4,
      },
      Object {
        "condition": 0,
        "noun": 6,
        "offset": 481,
        "refCond": 0,
        "refNoun": 0,
        "refSeq": 7,
        "refVerb": 0,
        "sequence": 1,
        "talker": 99,
        "verb": 1,
      },
      Object {
        "condition": 0,
        "noun": 7,
        "offset": 520,
        "refCond": 0,
        "refNoun": 0,
        "refSeq": 8,
        "refVerb": 0,
        "sequence": 1,
        "talker": 99,
        "verb": 1,
      },
      Object {
        "condition": 0,
        "noun": 8,
        "offset": 566,
        "refCond": 166,
        "refNoun": 166,
        "refSeq": 9,
        "refVerb": 166,
        "sequence": 1,
        "talker": 99,
        "verb": 4,
      },
      Object {
        "condition": 0,
        "noun": 9,
        "offset": 602,
        "refCond": 84,
        "refNoun": 65,
        "refSeq": 10,
        "refVerb": 83,
        "sequence": 1,
        "talker": 99,
        "verb": 1,
      },
      Object {
        "condition": 2,
        "noun": 10,
        "offset": 648,
        "refCond": 0,
        "refNoun": 0,
        "refSeq": 10,
        "refVerb": 2,
        "sequence": 1,
        "talker": 99,
        "verb": 0,
      },
      Object {
        "condition": 3,
        "noun": 10,
        "offset": 677,
        "refCond": 166,
        "refNoun": 119,
        "refSeq": 10,
        "refVerb": 166,
        "sequence": 1,
        "talker": 99,
        "verb": 0,
      },
      Object {
        "condition": 4,
        "noun": 10,
        "offset": 700,
        "refCond": 167,
        "refNoun": 166,
        "refSeq": 10,
        "refVerb": 53,
        "sequence": 1,
        "talker": 99,
        "verb": 0,
      },
      Object {
        "condition": 5,
        "noun": 10,
        "offset": 811,
        "refCond": 0,
        "refNoun": 194,
        "refSeq": 10,
        "refVerb": 119,
        "sequence": 1,
        "talker": 99,
        "verb": 0,
      },
      Object {
        "condition": 0,
        "noun": 10,
        "offset": 853,
        "refCond": 119,
        "refNoun": 166,
        "refSeq": 10,
        "refVerb": 194,
        "sequence": 1,
        "talker": 99,
        "verb": 1,
      },
      Object {
        "condition": 0,
        "noun": 10,
        "offset": 1046,
        "refCond": 166,
        "refNoun": 166,
        "refSeq": 11,
        "refVerb": 166,
        "sequence": 1,
        "talker": 99,
        "verb": 51,
      },
      Object {
        "condition": 0,
        "noun": 11,
        "offset": 1076,
        "refCond": 0,
        "refNoun": 0,
        "refSeq": 11,
        "refVerb": 0,
        "sequence": 1,
        "talker": 99,
        "verb": 4,
      },
      Object {
        "condition": 0,
        "noun": 11,
        "offset": 1176,
        "refCond": 119,
        "refNoun": 119,
        "refSeq": 12,
        "refVerb": 149,
        "sequence": 1,
        "talker": 99,
        "verb": 1,
      },
      Object {
        "condition": 0,
        "noun": 12,
        "offset": 1269,
        "refCond": 166,
        "refNoun": 166,
        "refSeq": 3,
        "refVerb": 166,
        "sequence": 1,
        "talker": 99,
        "verb": 1,
      },
      Object {
        "condition": 0,
        "noun": 3,
        "offset": 1360,
        "refCond": 0,
        "refNoun": 0,
        "refSeq": 3,
        "refVerb": 0,
        "sequence": 1,
        "talker": 99,
        "verb": 4,
      },
      Object {
        "condition": 1,
        "noun": 3,
        "offset": 1397,
        "refCond": 166,
        "refNoun": 0,
        "refSeq": 3,
        "refVerb": 166,
        "sequence": 1,
        "talker": 99,
        "verb": 4,
      },
      Object {
        "condition": 0,
        "noun": 3,
        "offset": 1434,
        "refCond": 166,
        "refNoun": 166,
        "refSeq": 84,
        "refVerb": 166,
        "sequence": 1,
        "talker": 99,
        "verb": 1,
      },
    ],
    "lastMsgNum": 1470,
    "length": 0,
    "nEntries": 22,
    "version": 218890383,
  },
  "strings": Array [
    "The back door. ",
    "They remind you of a bunch of Knochelkopfs. ",
    "There is a chandelier with a rope attached. ",
    "The door is already blocked. ",
    "No time for that again (although it WAS fun).  Just get the heck outta here. ",
    "The chandelier is out of your reach.",
    "Chandelier, used to hold up the rope. ",
    "He's been drinking Troll's sweat all night.  ",
    "The front door is already barred.  ",
    "The floor is strewn with flotsam and jetsam. ",
    "You close and bar the door. ",
    "\\"Oh, a wise guy, eh?\\" ",
    "There's no need to knock this guy out; the Troll's Sweat he's been drinking has already done the job for you. ",
    "You move the chair in front of the door. ",
    "Wooden tables, benches, and chairs fill the space of this brigand meeting area.  A chandelier lights the room and  an unlit candelabra stands in the corner.  A rope hangs from the chandelier. ",
    "None of the doors are locked.",
    "Leave the rope alone for now.  It's serving a very important function by holding up the chandelier.",
    "The rope holds up the chandelier.  It's used to lower the chandelier so that it can be lit. ",
    "Most of the tables are grimy with dried beer and such.  The head table, though, is clean. ",
    "You begin toppling the candelabra.  ",
    "The candelabra has already fallen.  ",
    "Sturdy-looking device for holding candles. ",
  ],
}
`;
